// Jest Snapshot v1, https://goo.gl/fbAQLP

exports[`开头查询 1`] = `
Array [
  Object {
    "comment": "商品搜索提示作为关键词智能提示。",
    "insertText": "/suggests/:adminId?",
    "name": "/suggests/",
  },
  Object {
    "comment": "根据查询条件查询商品SPU信息和SPU聚合结果。",
    "insertText": "/search/:adminId?",
    "name": "/search/",
  },
  Object {
    "comment": "根据查询条件查询商品SPU信息和SPU聚合结果。",
    "insertText": "/spu_search/:adminId?",
    "name": "/spu_search/",
  },
  Object {
    "comment": "根据查询条件聚合商品SKU信息。",
    "insertText": "/search/:adminId?",
    "name": "/search/",
  },
  Object {
    "comment": "根据查询条件聚合商品SKU信息。",
    "insertText": "/spu_aggregations/:adminId?",
    "name": "/spu_aggregations/",
  },
  Object {
    "comment": "根据查询条件聚合商品SKU信息。",
    "insertText": "/aggregations/:adminId?",
    "name": "/aggregations/",
  },
  Object {
    "comment": "根据查询条件查询SKU，但是结果聚合成SPU的方式",
    "insertText": "/products/:adminId?",
    "name": "/products/",
  },
  Object {
    "comment": "商品SPU查询,根据指定的查询条件返回符合条件商品，支持分页和排序。",
    "insertText": "/spus/:adminId?",
    "name": "/spus/",
  },
  Object {
    "comment": "商品SKU查询,根据指定的查询条件返回符合条件商品，支持分页和排序。",
    "insertText": "/products/:adminId?",
    "name": "/products/",
  },
]
`;

exports[`标准查询参数-sku 1`] = `
Array [
  Object {
    "comment": "根据查询条件查询SKU，但是结果聚合成SPU的方式",
    "insertText": "/products/:adminId?",
    "name": "/products/",
  },
  Object {
    "comment": "商品SKU查询,根据指定的查询条件返回符合条件商品，支持分页和排序。",
    "insertText": "/products/:adminId?",
    "name": "/products/",
  },
]
`;

exports[`空字符串时给出提示 1`] = `
Array [
  Object {
    "comment": "商品搜索提示作为关键词智能提示。",
    "insertText": "/suggests/:adminId?",
    "name": "/suggests/",
  },
  Object {
    "comment": "根据查询条件查询商品SPU信息和SPU聚合结果。",
    "insertText": "/search/:adminId?",
    "name": "/search/",
  },
  Object {
    "comment": "根据查询条件查询商品SPU信息和SPU聚合结果。",
    "insertText": "/spu_search/:adminId?",
    "name": "/spu_search/",
  },
  Object {
    "comment": "根据查询条件聚合商品SKU信息。",
    "insertText": "/search/:adminId?",
    "name": "/search/",
  },
  Object {
    "comment": "根据查询条件聚合商品SKU信息。",
    "insertText": "/spu_aggregations/:adminId?",
    "name": "/spu_aggregations/",
  },
  Object {
    "comment": "根据查询条件聚合商品SKU信息。",
    "insertText": "/aggregations/:adminId?",
    "name": "/aggregations/",
  },
  Object {
    "comment": "根据查询条件查询SKU，但是结果聚合成SPU的方式",
    "insertText": "/products/:adminId?",
    "name": "/products/",
  },
  Object {
    "comment": "商品SPU查询,根据指定的查询条件返回符合条件商品，支持分页和排序。",
    "insertText": "/spus/:adminId?",
    "name": "/spus/",
  },
  Object {
    "comment": "商品SKU查询,根据指定的查询条件返回符合条件商品，支持分页和排序。",
    "insertText": "/products/:adminId?",
    "name": "/products/",
  },
]
`;
